Configuration on demand is an incubating feature.
> Task :app:checkKotlinGradlePluginConfigurationErrors
> Task :app:preBuild UP-TO-DATE
> Task :app:preDebugBuild UP-TO-DATE
> Task :app:generateDebugBuildConfig UP-TO-DATE
> Task :app:checkDebugAarMetadata UP-TO-DATE
> Task :app:generateDebugResValues UP-TO-DATE
> Task :app:mapDebugSourceSetPaths UP-TO-DATE
> Task :app:generateDebugResources UP-TO-DATE
> Task :app:mergeDebugResources UP-TO-DATE
> Task :app:createDebugCompatibleScreenManifests UP-TO-DATE
> Task :app:extractDeepLinksDebug UP-TO-DATE
> Task :app:processDebugMainManifest UP-TO-DATE
> Task :app:processDebugManifest UP-TO-DATE
> Task :app:processDebugManifestForPackage UP-TO-DATE
> Task :app:processDebugResources UP-TO-DATE
> Task :app:kspDebugKotlin UP-TO-DATE
> Task :app:compileDebugKotlin FAILED
./gradlew : 
At line:1 char:1
+ ./gradlew compileDebugKotlin > 
build_error.log 2>&1
+ ~~~~~~~~~~~~~~~~~~~~~~~~~~~~~~~~
~~~~~~~~~~~~~~~~~~~
    + CategoryInfo          : Not 
   Specified: (:String) [], Remo  
  teException
    + FullyQualifiedErrorId : Nat 
   iveCommandError
 
FAILURE: Build failed with an 
exception.

* What went wrong:
Execution failed for task 
':app:compileDebugKotlin'.
> Cannot access output property 
'destinationDirectory' of task 
':app:compileDebugKotlin'. 
Accessing unreadable inputs or 
outputs is not supported. Declare 
the task as untracked by using 
Task.doNotTrackState(). For more 
information, please refer to https
://docs.gradle.org/8.2/userguide/i
ncremental_build.html#disable-stat
e-tracking in the Gradle 
documentation.
   > java.io.IOException: Cannot 
snapshot C:\Users\prest\OneDrive\D
esktop\Desktop-Projects\ubuntu-on-
android-modified\app\build\tmp\kot
lin-classes\debug\com\udroid\app\u
i\agent\AgentMode$Companion.class:
 not a regular file

* Try:
> Run with --stacktrace option to 
get the stack trace.
> Run with --info or --debug 
option to get more log output.
> Run with --scan to get full 
insights.
> Get more help at 
https://help.gradle.org.

BUILD FAILED in 1s
14 actionable tasks: 2 executed, 12 up-to-date
